// Jest Snapshot v1, https://goo.gl/fbAQLP

exports[`<Main /> should render the heading 1`] = `
.c0 {
  background-color: #726a95;
  color: #ffffff;
  width: 100%;
  height: 100%;
  padding: 3rem;
  display: -webkit-box;
  display: -webkit-flex;
  display: -ms-flexbox;
  display: flex;
  text-align: center;
  -webkit-flex-direction: column;
  -ms-flex-direction: column;
  flex-direction: column;
  -webkit-align-items: center;
  -webkit-box-align: center;
  -ms-flex-align: center;
  align-items: center;
  -webkit-box-pack: center;
  -webkit-justify-content: center;
  -ms-flex-pack: center;
  justify-content: center;
  overflow: hidden;
}

.c1 {
  width: 25rem;
  margin-bottom: 2rem;
}

.c2 {
  font-size: 3em;
  color: #ffffff;
}

.c3 {
  font-size: 2em;
  font-weight: 400;
}

.c4 {
  margin-top: 3rem;
  width: min(30rem,100%);
}

<main
  class="c0"
>
  <img
    alt="Atom and React Avancado written right next to it"
    class="c1"
    src="/img/logo.svg"
  />
  <h1
    class="c2"
  >
    Next App - Boilerplate
  </h1>
  <h2
    class="c3"
  >
    Boilerplate utilizing TypeScript, ReactJS, NextJS and Styled Components
  </h2>
  <img
    alt="A software developer staring at a screen with some code on it"
    class="c4"
    src="/img/hero-illustration.svg"
  />
</main>
`;
